../Core/Src/DEV_Config.c:22:6:DEV_GPIO_Mode	40	static
../Core/Src/DEV_Config.c:45:6:DEV_Delay_ms	16	static
../Core/Src/DEV_Config.c:51:6:GPIO_Config	4	static
../Core/Src/DEV_Config.c:61:6:DEV_SPI_Init	4	static
../Core/Src/DEV_Config.c:68:6:DEV_SPI_WriteByte	16	static
../Core/Src/DEV_Config.c:75:6:DEV_SPI_Write_nByte	16	static
../Core/Src/DEV_Config.c:86:6:DEV_I2C_Init	16	static
../Core/Src/DEV_Config.c:94:6:I2C_Write_Byte	40	static
../Core/Src/DEV_Config.c:103:5:I2C_Read_Byte	40	static
../Core/Src/DEV_Config.c:112:5:I2C_Read_Word	40	static
../Core/Src/DEV_Config.c:125:7:DEV_ModuleInit	8	static
../Core/Src/DEV_Config.c:137:6:DEV_ModuleExit	4	static
