../Core/Src/Waveshare_AS7341.c:22:14:AS7341_Read_Byte	16	static
../Core/Src/Waveshare_AS7341.c:46:13:AS7341_Write_Byte	16	static
../Core/Src/Waveshare_AS7341.c:57:7:AS7341_Init	16	static
../Core/Src/Waveshare_AS7341.c:70:6:AS7341_Enable	24	static
../Core/Src/Waveshare_AS7341.c:88:6:AS7341_EnableSpectralMeasure	24	static
../Core/Src/Waveshare_AS7341.c:104:6:AS7341_EnableSMUX	24	static
../Core/Src/Waveshare_AS7341.c:121:6:AS7341_EnableFlickerDetection	24	static
../Core/Src/Waveshare_AS7341.c:138:6:AS7341_Config	24	static
../Core/Src/Waveshare_AS7341.c:166:6:F1F4_Clear_NIR	8	static
../Core/Src/Waveshare_AS7341.c:193:6:F5F8_Clear_NIR	8	static
../Core/Src/Waveshare_AS7341.c:220:6:FDConfig	8	static
../Core/Src/Waveshare_AS7341.c:249:6:AS7341_startMeasure	24	static
../Core/Src/Waveshare_AS7341.c:283:7:AS7341_ReadFlickerData	16	static
../Core/Src/Waveshare_AS7341.c:330:5:AS7341_MeasureComplete	16	static
../Core/Src/Waveshare_AS7341.c:345:7:AS7341_GetChannelData	24	static
../Core/Src/Waveshare_AS7341.c:362:16:AS7341_ReadSpectralDataOne	40	static
../Core/Src/Waveshare_AS7341.c:379:16:AS7341_ReadSpectralDataTwo	40	static
../Core/Src/Waveshare_AS7341.c:395:6:AS7341_SetGpioMode	24	static
../Core/Src/Waveshare_AS7341.c:414:6:AS7341_ATIME_config	16	static
../Core/Src/Waveshare_AS7341.c:423:6:AS7341_ASTEP_config	24	static
../Core/Src/Waveshare_AS7341.c:437:6:AS7341_AGAIN_config	16	static
../Core/Src/Waveshare_AS7341.c:448:6:AS7341_EnableLED	24	static
../Core/Src/Waveshare_AS7341.c:473:6:AS7341_SetBank	24	static
../Core/Src/Waveshare_AS7341.c:494:6:AS7341_ControlLed	24	static
../Core/Src/Waveshare_AS7341.c:514:6:AS7341_INTerrupt	16	static
../Core/Src/Waveshare_AS7341.c:529:6:AS7341_ClearInterrupt	8	static
../Core/Src/Waveshare_AS7341.c:539:6:AS7341_EnableSpectralInterrupt	24	static
../Core/Src/Waveshare_AS7341.c:567:6:AS7341_SetInterruptPersistence	24	static
../Core/Src/Waveshare_AS7341.c:578:6:AS7341_SetThreshold	16	static
../Core/Src/Waveshare_AS7341.c:600:6:AS7341_SetSpectralThresholdChannel	16	static
../Core/Src/Waveshare_AS7341.c:611:7:AS7341_GetLowThreshold	16	static
../Core/Src/Waveshare_AS7341.c:623:7:AS7341_GetHighThreshold	16	static
../Core/Src/Waveshare_AS7341.c:635:6:AS7341_SynsINT_sel	8	static
../Core/Src/Waveshare_AS7341.c:645:6:AS7341_disableALL	8	static
