../Core/Src/main.c:110:1:__io_putchar	16	static
../Core/Src/main.c:121:5:main	8	static
../Core/Src/main.c:179:6:SystemClock_Config	96	static
../Core/Src/main.c:230:6:VEML6040_Start	16	static
../Core/Src/main.c:266:6:AS7341_Start	8	static
../Core/Src/main.c:317:6:HAL_TIM_PeriodElapsedCallback	16	static
../Core/Src/main.c:346:6:start_meas	48	static
../Core/Src/main.c:393:6:data_output	48	static
../Core/Src/main.c:409:6:HAL_GPIO_EXTI_Callback	24	static
../Core/Src/main.c:438:6:Error_Handler	4	static,ignoring_inline_asm
