../Core/Src/main.c:110:1:__io_putchar	16	static
../Core/Src/main.c:121:5:main	8	static
../Core/Src/main.c:182:6:SystemClock_Config	96	static
../Core/Src/main.c:233:6:VEML6040_Start	16	static
../Core/Src/main.c:269:6:AS7341_Start	8	static
../Core/Src/main.c:320:6:HAL_TIM_PeriodElapsedCallback	16	static
../Core/Src/main.c:349:6:start_meas	32	static
../Core/Src/main.c:396:6:data_output	48	static
../Core/Src/main.c:412:6:HAL_GPIO_EXTI_Callback	24	static
../Core/Src/main.c:441:6:Error_Handler	4	static,ignoring_inline_asm
