../Core/Src/Waveshare_AS7341.c:22:14:AS7341_Read_Byte	16	static
../Core/Src/Waveshare_AS7341.c:46:13:AS7341_Write_Byte	16	static
../Core/Src/Waveshare_AS7341.c:57:7:AS7341_Init	16	static
../Core/Src/Waveshare_AS7341.c:70:6:AS7341_Enable	24	static
../Core/Src/Waveshare_AS7341.c:88:6:AS7341_EnableSpectralMeasure	24	static
../Core/Src/Waveshare_AS7341.c:104:6:AS7341_EnableSMUX	24	static
../Core/Src/Waveshare_AS7341.c:121:6:AS7341_EnableFlickerDetection	24	static
../Core/Src/Waveshare_AS7341.c:138:6:AS7341_Config	24	static
../Core/Src/Waveshare_AS7341.c:166:6:F1F4_Clear_NIR	8	static
../Core/Src/Waveshare_AS7341.c:193:6:F5F8_Clear_NIR	8	static
../Core/Src/Waveshare_AS7341.c:220:6:FDConfig	8	static
../Core/Src/Waveshare_AS7341.c:249:6:AS7341_startMeasure	24	static
../Core/Src/Waveshare_AS7341.c:285:7:AS7341_ReadFlickerData	16	static
../Core/Src/Waveshare_AS7341.c:332:5:AS7341_MeasureComplete	16	static
../Core/Src/Waveshare_AS7341.c:347:7:AS7341_GetChannelData	24	static
../Core/Src/Waveshare_AS7341.c:364:16:AS7341_ReadSpectralDataOne	40	static
../Core/Src/Waveshare_AS7341.c:381:16:AS7341_ReadSpectralDataTwo	40	static
../Core/Src/Waveshare_AS7341.c:397:6:AS7341_SetGpioMode	24	static
../Core/Src/Waveshare_AS7341.c:416:6:AS7341_ATIME_config	16	static
../Core/Src/Waveshare_AS7341.c:425:6:AS7341_ASTEP_config	24	static
../Core/Src/Waveshare_AS7341.c:439:6:AS7341_AGAIN_config	16	static
../Core/Src/Waveshare_AS7341.c:450:6:AS7341_EnableLED	24	static
../Core/Src/Waveshare_AS7341.c:475:6:AS7341_SetBank	24	static
../Core/Src/Waveshare_AS7341.c:496:6:AS7341_ControlLed	24	static
../Core/Src/Waveshare_AS7341.c:516:6:AS7341_INTerrupt	16	static
../Core/Src/Waveshare_AS7341.c:531:6:AS7341_ClearInterrupt	8	static
../Core/Src/Waveshare_AS7341.c:541:6:AS7341_EnableSpectralInterrupt	24	static
../Core/Src/Waveshare_AS7341.c:569:6:AS7341_SetInterruptPersistence	24	static
../Core/Src/Waveshare_AS7341.c:580:6:AS7341_SetThreshold	16	static
../Core/Src/Waveshare_AS7341.c:602:6:AS7341_SetSpectralThresholdChannel	16	static
../Core/Src/Waveshare_AS7341.c:613:7:AS7341_GetLowThreshold	16	static
../Core/Src/Waveshare_AS7341.c:625:7:AS7341_GetHighThreshold	16	static
../Core/Src/Waveshare_AS7341.c:637:6:AS7341_SynsINT_sel	8	static
../Core/Src/Waveshare_AS7341.c:647:6:AS7341_disableALL	8	static
