../Core/Src/main.c:93:6:HAL_TIM_PWM_PulseFinishedCallback	16	static
../Core/Src/main.c:104:5:main	8	static
../Core/Src/main.c:166:6:SystemClock_Config	96	static
../Core/Src/main.c:213:6:rainbow	4	static
../Core/Src/main.c:251:6:blue	4	static
../Core/Src/main.c:269:6:green	4	static
../Core/Src/main.c:287:6:red	4	static
../Core/Src/main.c:305:6:white	4	static
../Core/Src/main.c:319:6:sweep	24	static
../Core/Src/main.c:353:6:WS2812_send	8	static
../Core/Src/main.c:381:6:Error_Handler	4	static,ignoring_inline_asm
