../Core/Src/main.c:111:6:HAL_TIM_PWM_PulseFinishedCallback	16	static
../Core/Src/main.c:122:1:__io_putchar	16	static
../Core/Src/main.c:134:5:main	8	static
../Core/Src/main.c:223:6:SystemClock_Config	96	static
../Core/Src/main.c:269:6:LCD_Print	16	static
../Core/Src/main.c:303:6:Set_Brightness	32	static
../Core/Src/main.c:316:6:rainbow	4	static
../Core/Src/main.c:349:6:rgb	16	static
../Core/Src/main.c:367:6:sweep	24	static
../Core/Src/main.c:396:6:WS2812_send	8	static
../Core/Src/main.c:419:6:HAL_GPIO_EXTI_Callback	24	static
../Core/Src/main.c:468:6:Error_Handler	4	static,ignoring_inline_asm
